c:\projects\ob55 internal project by ha xiters\examples\example_win32_directx11\debug\vc143.pdb
c:\projects\ob55 internal project by ha xiters\examples\example_win32_directx11\debug\vc143.idb
c:\projects\ob55 internal project by ha xiters\examples\example_win32_directx11\debug\texteditor.obj
c:\projects\ob55 internal project by ha xiters\examples\example_win32_directx11\debug\custom_widgets.obj
c:\projects\ob55 internal project by ha xiters\examples\example_win32_directx11\debug\main.obj
c:\projects\ob55 internal project by ha xiters\examples\example_win32_directx11\debug\utils.obj
c:\projects\ob55 internal project by ha xiters\examples\example_win32_directx11\debug\sequentialanimationgroup.obj
c:\projects\ob55 internal project by ha xiters\examples\example_win32_directx11\debug\pauseanimation.obj
c:\projects\ob55 internal project by ha xiters\examples\example_win32_directx11\debug\parallelanimationgroup.obj
c:\projects\ob55 internal project by ha xiters\examples\example_win32_directx11\debug\imvec4anim.obj
c:\projects\ob55 internal project by ha xiters\examples\example_win32_directx11\debug\imvec2anim.obj
c:\projects\ob55 internal project by ha xiters\examples\example_win32_directx11\debug\easingcurve.obj
c:\projects\ob55 internal project by ha xiters\examples\example_win32_directx11\debug\easing.obj
c:\projects\ob55 internal project by ha xiters\examples\example_win32_directx11\debug\animationgroup.obj
c:\projects\ob55 internal project by ha xiters\examples\example_win32_directx11\debug\abstractanimation.obj
c:\projects\ob55 internal project by ha xiters\examples\example_win32_directx11\debug\imgui_widgets.obj
c:\projects\ob55 internal project by ha xiters\examples\example_win32_directx11\debug\imgui_tables.obj
c:\projects\ob55 internal project by ha xiters\examples\example_win32_directx11\debug\imgui_freetype.obj
c:\projects\ob55 internal project by ha xiters\examples\example_win32_directx11\debug\imgui_draw.obj
c:\projects\ob55 internal project by ha xiters\examples\example_win32_directx11\debug\imgui.obj
c:\projects\ob55 internal project by ha xiters\examples\example_win32_directx11\debug\imgui_impl_win32.obj
c:\projects\ob55 internal project by ha xiters\examples\example_win32_directx11\debug\imgui_impl_dx11.obj
c:\projects\ob55 internal project by ha xiters\examples\example_win32_directx11\debug\render.obj
c:\projects\ob55 internal project by ha xiters\examples\example_win32_directx11\debug\overlay.obj
c:\projects\ob55 internal project by ha xiters\examples\example_win32_directx11\debug\fonts.obj
c:\projects\ob55 internal project by ha xiters\examples\example_win32_directx11\debug\syncglobals.obj
c:\projects\ob55 internal project by ha xiters\examples\example_win32_directx11\debug\esppreviewbridge.obj
c:\projects\ob55 internal project by ha xiters\examples\example_win32_directx11\debug\backendconfig.obj
c:\projects\ob55 internal project by ha xiters\examples\example_win32_directx11\debug\eclipsefontinit.obj
c:\projects\ob55 internal project by ha xiters\examples\example_win32_directx11\debug\lootui.obj
c:\projects\ob55 internal project by ha xiters\examples\example_win32_directx11\debug\processutils.obj
c:\projects\ob55 internal project by ha xiters\examples\example_win32_directx11\debug\adb.obj
c:\projects\ob55 internal project by ha xiters\examples\example_win32_directx11\debug\lootvisual.obj
c:\projects\ob55 internal project by ha xiters\examples\example_win32_directx11\debug\lootscanner.obj
c:\projects\ob55 internal project by ha xiters\examples\example_win32_directx11\debug\lootdatabase.obj
c:\projects\ob55 internal project by ha xiters\examples\example_win32_directx11\debug\namegun.obj
c:\projects\ob55 internal project by ha xiters\examples\example_win32_directx11\debug\visual.obj
c:\projects\ob55 internal project by ha xiters\examples\example_win32_directx11\debug\data.obj
c:\projects\ob55 internal project by ha xiters\examples\example_win32_directx11\debug\aimexternal.obj
c:\projects\ob55 internal project by ha xiters\examples\example_win32_directx11\debug\example_win32_directx11.vcxproj.filelistabsolute.txt
c:\projects\ob55 internal project by ha xiters\examples\example_win32_directx11\debug\example_.9f316e83.tlog\cl.command.1.tlog
c:\projects\ob55 internal project by ha xiters\examples\example_win32_directx11\debug\example_.9f316e83.tlog\cl.read.1.tlog
c:\projects\ob55 internal project by ha xiters\examples\example_win32_directx11\debug\example_.9f316e83.tlog\cl.write.1.tlog
